Archive member included because of file (symbol)

c:/program files (x86)/arm gcc/bin/../lib/gcc/arm-none-eabi/4.8.4/armv7-m\libgcc.a(_arm_addsubdf3.o)
                              ..\obj\UI.o (__aeabi_dsub)
c:/program files (x86)/arm gcc/bin/../lib/gcc/arm-none-eabi/4.8.4/armv7-m\libgcc.a(_arm_muldivdf3.o)
                              ..\obj\string.o (__aeabi_dmul)
c:/program files (x86)/arm gcc/bin/../lib/gcc/arm-none-eabi/4.8.4/armv7-m\libgcc.a(_arm_cmpdf2.o)
                              ..\obj\UI.o (__aeabi_dcmplt)
c:/program files (x86)/arm gcc/bin/../lib/gcc/arm-none-eabi/4.8.4/armv7-m\libgcc.a(_arm_fixdfsi.o)
                              ..\obj\interface.o (__aeabi_d2iz)
c:/program files (x86)/arm gcc/bin/../lib/gcc/arm-none-eabi/4.8.4/armv7-m\libgcc.a(_arm_truncdfsf2.o)
                              ..\obj\string.o (__aeabi_d2f)
c:/program files (x86)/arm gcc/bin/../lib/gcc/arm-none-eabi/4.8.4/armv7-m\libgcc.a(_arm_addsubsf3.o)
                              ..\obj\string.o (__aeabi_fsub)
c:/program files (x86)/arm gcc/bin/../lib/gcc/arm-none-eabi/4.8.4/armv7-m\libgcc.a(_arm_muldivsf3.o)
                              ..\obj\string.o (__aeabi_fmul)
c:/program files (x86)/arm gcc/bin/../lib/gcc/arm-none-eabi/4.8.4/armv7-m\libgcc.a(_arm_cmpsf2.o)
                              ..\obj\string.o (__aeabi_fcmplt)
c:/program files (x86)/arm gcc/bin/../lib/gcc/arm-none-eabi/4.8.4/armv7-m\libgcc.a(_arm_fixsfsi.o)
                              ..\obj\string.o (__aeabi_f2iz)
c:/program files (x86)/arm gcc/bin/../lib/gcc/arm-none-eabi/4.8.4/armv7-m\libgcc.a(_arm_fixunssfsi.o)
                              ..\obj\math_.o (__aeabi_f2uiz)
c:/program files (x86)/arm gcc/bin/../lib/gcc/arm-none-eabi/4.8.4/armv7-m\libgcc.a(_aeabi_ldivmod.o)
                              ..\obj\string.o (__aeabi_ldivmod)
c:/program files (x86)/arm gcc/bin/../lib/gcc/arm-none-eabi/4.8.4/armv7-m\libgcc.a(bpabi.o)
                              c:/program files (x86)/arm gcc/bin/../lib/gcc/arm-none-eabi/4.8.4/armv7-m\libgcc.a(_aeabi_ldivmod.o) (__gnu_ldivmod_helper)
c:/program files (x86)/arm gcc/bin/../lib/gcc/arm-none-eabi/4.8.4/armv7-m\libgcc.a(_dvmd_tls.o)
                              c:/program files (x86)/arm gcc/bin/../lib/gcc/arm-none-eabi/4.8.4/armv7-m\libgcc.a(_aeabi_ldivmod.o) (__aeabi_ldiv0)
c:/program files (x86)/arm gcc/bin/../lib/gcc/arm-none-eabi/4.8.4/armv7-m\libgcc.a(_divdi3.o)
                              c:/program files (x86)/arm gcc/bin/../lib/gcc/arm-none-eabi/4.8.4/armv7-m\libgcc.a(bpabi.o) (__divdi3)
c:/program files (x86)/arm gcc/bin/../lib/gcc/arm-none-eabi/4.8.4/armv7-m\libgcc.a(_udivdi3.o)
                              c:/program files (x86)/arm gcc/bin/../lib/gcc/arm-none-eabi/4.8.4/armv7-m\libgcc.a(bpabi.o) (__udivdi3)

Allocating common symbols
Common symbol       size              file

SaveRState          0x2               ..\obj\usb_int.o
SoundCB             0x258             ..\obj\sound.o
SaveState           0x2               ..\obj\usb_init.o
currentState        0x54              ..\obj\interface.o
cntcnt              0x1               ..\obj\interface.o
wIstr               0x2               ..\obj\usb_istr.o
pProperty           0x4               ..\obj\usb_init.o
EPindex             0x1               ..\obj\usb_init.o
Payload             0x1               ..\obj\NRF24L01.o
TxMode              0x1               ..\obj\NRF24L01.o
SaveTState          0x2               ..\obj\usb_int.o
DebugDecrease       0x4               ..\obj\debug.o
Device_Info         0x1c              ..\obj\usb_init.o
RS_data_in          0x1               ..\obj\hw_config.o
pUser_Standard_Requests
                    0x4               ..\obj\usb_init.o
buffer_in           0x40              ..\obj\hw_config.o
StatusInfo          0x2               ..\obj\usb_core.o
pInformation        0x4               ..\obj\usb_init.o
ResumeS             0x2               ..\obj\usb_pwr.o
cfont               0xc               ..\obj\LCD.o
RxArray             0x20              ..\obj\NRF24L01.o
controlMode         0x1               ..\obj\interface.o
NumByt              0x1               ..\obj\hw_config.o
buffer_out          0x40              ..\obj\usb_endp.o
wInterrupt_Mask     0x2               ..\obj\usb_init.o

Discarded input sections

 .text          0x00000000        0x0 ..\obj\stm32f10x_rtc.o
 .data          0x00000000        0x0 ..\obj\stm32f10x_rtc.o
 .bss           0x00000000        0x0 ..\obj\stm32f10x_rtc.o
 .text.RTC_ITConfig
                0x00000000       0x20 ..\obj\stm32f10x_rtc.o
 .text.RTC_EnterConfigMode
                0x00000000       0x14 ..\obj\stm32f10x_rtc.o
 .text.RTC_ExitConfigMode
                0x00000000       0x14 ..\obj\stm32f10x_rtc.o
 .text.RTC_GetCounter
                0x00000000       0x14 ..\obj\stm32f10x_rtc.o
 .text.RTC_SetCounter
                0x00000000       0x1c ..\obj\stm32f10x_rtc.o
 .text.RTC_SetPrescaler
                0x00000000       0x20 ..\obj\stm32f10x_rtc.o
 .text.RTC_SetAlarm
[...]
Memory Configuration

Name             Origin             Length             Attributes
rom              0x08000000         0x00010000         xr
ram              0x20000000         0x00005000         xrw
*default*        0x00000000         0xffffffff

Linker script and memory map

                0x20005000                _eram = 0x20005000

.text           0x08000000     0x85f0
 *(.isr_vector)
 .isr_vector    0x08000000      0x10c ..\obj\startup_stm32f10x_md.o
                0x08000000                g_pfnVectors
 *(.text*)
 .text.Standard_GetConfiguration
                0x0800010c       0x28 ..\obj\usb_core.o
                0x0800010c                Standard_GetConfiguration
 .text.Standard_GetInterface
                0x08000134       0x28 ..\obj\usb_core.o
                0x08000134                Standard_GetInterface
 .text.Standard_GetStatus
                0x0800015c       0xb0 ..\obj\usb_core.o
                0x0800015c                Standard_GetStatus
 .text.DataStageIn
                0x0800020c       0xb0 ..\obj\usb_core.o
 .text.Standard_SetConfiguration
                0x080002bc       0x40 ..\obj\usb_core.o
                0x080002bc                Standard_SetConfiguration
 .text.Standard_SetInterface
                0x080002fc       0x54 ..\obj\usb_core.o
                0x080002fc                Standard_SetInterface
 .text.Standard_ClearFeature
                0x08000350      0x11c ..\obj\usb_core.o
                0x08000350                Standard_ClearFeature
 .text.Standard_SetEndPointFeature
                0x0800046c       0xbc ..\obj\usb_core.o
                0x0800046c                Standard_SetEndPointFeature
 .text.Standard_SetDeviceFeature
                0x08000528       0x24 ..\obj\usb_core.o
                0x08000528                Standard_SetDeviceFeature
 .text.Standard_GetDescriptorData
                0x0800054c       0x1c ..\obj\usb_core.o
                0x0800054c                Standard_GetDescriptorData
 .text.Post0_Process
                0x08000568       0x40 ..\obj\usb_core.o
                0x08000568                Post0_Process
 .text.Setup0_Process
                0x080005a8      0x33c ..\obj\usb_core.o
                0x080005a8                Setup0_Process
 .text.Out0_Process
                0x080008e4       0xf0 ..\obj\usb_core.o
                0x080008e4                Out0_Process
 .text.SetDeviceAddress
                0x080009d4       0x44 ..\obj\usb_core.o
                0x080009d4                SetDeviceAddress
 .text.In0_Process
                0x08000a18       0x64 ..\obj\usb_core.o
                0x08000a18                In0_Process
 .text.NOP_Process
                0x08000a7c        0x4 ..\obj\usb_core.o
                0x08000a7c                NOP_Process
 .text.strlen   0x08000a80       0x18 ..\obj\string.o
                0x08000a80                strlen
 .text.reverse  0x08000a98       0x24 ..\obj\string.o
                0x08000a98                reverse
 .text.itoa_    0x08000abc       0x58 ..\obj\string.o
                0x08000abc                itoa_
 .text.ftoaPseudo_
                0x08000b14       0x8c ..\obj\string.o
                0x08000b14                ftoaPseudo_
 .text.strcat_  0x08000ba0       0x2c ..\obj\string.o
                0x08000ba0                strcat_
 .text.strcpy_  0x08000bcc       0x10 ..\obj\string.o
                0x08000bcc                strcpy_
 .text.pow_     0x08000bdc       0x58 ..\obj\string.o
                0x08000bdc                pow_
 .text.log10_   0x08000c34       0x8c ..\obj\string.o
                0x08000c34                log10_
 .text.ftoa_    0x08000cc0      0x130 ..\obj\string.o
                0x08000cc0                ftoa_
 .text.TIM_TimeBaseInit
                0x08000df0       0xa0 ..\obj\stm32f10x_tim.o
                0x08000df0                TIM_TimeBaseInit
 .text.TIM_OC1Init
                0x08000e90       0x8c ..\obj\stm32f10x_tim.o
                0x08000e90                TIM_OC1Init
 .text.TIM_OC2Init
                0x08000f1c       0x88 ..\obj\stm32f10x_tim.o
                0x08000f1c                TIM_OC2Init
 .text.TIM_OC4Init
                0x08000fa4       0x6c ..\obj\stm32f10x_tim.o
                0x08000fa4                TIM_OC4Init
 .text.TIM_BDTRConfig
                0x08001010       0x24 ..\obj\stm32f10x_tim.o
                0x08001010                TIM_BDTRConfig
 .text.TIM_OCStructInit
                0x08001034       0x14 ..\obj\stm32f10x_tim.o
                0x08001034                TIM_OCStructInit
 .text.TIM_BDTRStructInit
                0x08001048       0x14 ..\obj\stm32f10x_tim.o
                0x08001048                TIM_BDTRStructInit
 .text.TIM_Cmd  0x0800105c       0x1c ..\obj\stm32f10x_tim.o
                0x0800105c                TIM_Cmd
 .text.TIM_EncoderInterfaceConfig
                0x08001078       0x3c ..\obj\stm32f10x_tim.o
                0x08001078                TIM_EncoderInterfaceConfig
 .text.TIM_ARRPreloadConfig
                0x080010b4       0x1c ..\obj\stm32f10x_tim.o
                0x080010b4                TIM_ARRPreloadConfig
 .text.TIM_OC1PreloadConfig
                0x080010d0       0x10 ..\obj\stm32f10x_tim.o
                0x080010d0                TIM_OC1PreloadConfig
 .text.TIM_OC2PreloadConfig
                0x080010e0       0x14 ..\obj\stm32f10x_tim.o
                0x080010e0                TIM_OC2PreloadConfig
 .text.TIM_OC4PreloadConfig
                0x080010f4       0x14 ..\obj\stm32f10x_tim.o
                0x080010f4                TIM_OC4PreloadConfig
 .text.SoundDispatcher
                0x08001108       0x70 ..\obj\sound.o
                0x08001108                SoundDispatcher
 .text.MenuDispatcher
                0x08001178      0x860 ..\obj\UI.o
                0x08001178                MenuDispatcher
 .text.Inv      0x080019d8       0x1c ..\obj\UI.o
                0x080019d8                Inv
 .text.Menu_processBackupData
                0x080019f4       0x44 ..\obj\UI.o
                0x080019f4                Menu_processBackupData
 .text.ShutDown
                0x08001a38       0x78 ..\obj\UI.o
                0x08001a38                ShutDown
 .text.ProcessEncButton
                0x08001ab0      0x128 ..\obj\UI.o
                0x08001ab0                ProcessEncButton
 .text.smartIncrementValue
                0x08001bd8       0xa0 ..\obj\UI.o
                0x08001bd8                smartIncrementValue
 .text.smartDecrementValue
                0x08001c78      0x110 ..\obj\UI.o
                0x08001c78                smartDecrementValue
 .text.ProcessEncoder
                0x08001d88      0x1e0 ..\obj\UI.o
                0x08001d88                ProcessEncoder
 .text.NRF_Init
                0x08001f68      0x118 ..\obj\NRF24L01.o
                0x08001f68                NRF_Init
 .text.SPI_Send
                0x08002080       0x40 ..\obj\NRF24L01.o
                0x08002080                SPI_Send
 .text.NRF_ReadRegister
                0x080020c0       0x34 ..\obj\NRF24L01.o
                0x080020c0                NRF_ReadRegister
 .text.NRF_WriteRegister
                0x080020f4       0x34 ..\obj\NRF24L01.o
                0x080020f4                NRF_WriteRegister
 .text.NRF_WriteRegisterBit
                0x08002128       0x2c ..\obj\NRF24L01.o
                0x08002128                NRF_WriteRegisterBit
 .text.NRF_Sleep
                0x08002154       0x40 ..\obj\NRF24L01.o
                0x08002154                NRF_Sleep
 .text.NRF_ConfigRatePwr
                0x08002194       0x38 ..\obj\NRF24L01.o
                0x08002194                NRF_ConfigRatePwr
 .text.NRF_SetChannel
                0x080021cc       0x14 ..\obj\NRF24L01.o
                0x080021cc                NRF_SetChannel
 .text.NRF_PowerUpTx
                0x080021e0       0x30 ..\obj\NRF24L01.o
                0x080021e0                NRF_PowerUpTx
 .text.NRF_PowerUpRx
                0x08002210       0x60 ..\obj\NRF24L01.o
                0x08002210                NRF_PowerUpRx
 .text.NRF_GetTransmissionStatus
                0x08002270       0x38 ..\obj\NRF24L01.o
                0x08002270                NRF_GetTransmissionStatus
 .text.SPI_ReadMass
                0x080022a8       0x20 ..\obj\NRF24L01.o
                0x080022a8                SPI_ReadMass
 .text.NRF_GetData
                0x080022c8       0x5c ..\obj\NRF24L01.o
                0x080022c8                NRF_GetData
 .text.EXTI4_IRQHandler
                0x08002324       0xac ..\obj\NRF24L01.o
                0x08002324                EXTI4_IRQHandler
 .text.SPI_WriteMass
                0x080023d0       0x1c ..\obj\NRF24L01.o
                0x080023d0                SPI_WriteMass
 .text.NRF_WriteRegisters
                0x080023ec       0x38 ..\obj\NRF24L01.o
                0x080023ec                NRF_WriteRegisters
 .text.NRF_SetRxAdr
                0x08002424       0x28 ..\obj\NRF24L01.o
                0x08002424                NRF_SetRxAdr
 .text.NRF_SetTxAdr
                0x0800244c       0x28 ..\obj\NRF24L01.o
                0x0800244c                NRF_SetTxAdr
 .text.NRF_ConfigChnlPld
                0x08002474       0x5c ..\obj\NRF24L01.o
                0x08002474                NRF_ConfigChnlPld
 .text.NRF_Send
                0x080024d0       0xbc ..\obj\NRF24L01.o
                0x080024d0                NRF_Send
 .text.CTR_LP   0x0800258c      0x278 ..\obj\usb_int.o
                0x0800258c                CTR_LP
 .text.SystemInit
                0x08002804      0x100 ..\obj\system_stm32f10x.o
                0x08002804                SystemInit
 .text.SetBTABLE
                0x08002904       0x10 ..\obj\usb_regs.o
                0x08002904                SetBTABLE
 .text.SetEPType
                0x08002914       0x1c ..\obj\usb_regs.o
                0x08002914                SetEPType
 .text.SetEPTxStatus
                0x08002930       0x3c ..\obj\usb_regs.o
                0x08002930                SetEPTxStatus
 .text.SetEPRxStatus
                0x0800296c       0x3c ..\obj\usb_regs.o
                0x0800296c                SetEPRxStatus
 .text.SetEPRxValid
                0x080029a8       0x28 ..\obj\usb_regs.o
                0x080029a8                SetEPRxValid
 .text.Clear_Status_Out
                0x080029d0       0x20 ..\obj\usb_regs.o
                0x080029d0                Clear_Status_Out
 .text.ClearDTOG_RX
                0x080029f0       0x28 ..\obj\usb_regs.o
                0x080029f0                ClearDTOG_RX
 .text.ClearDTOG_TX
                0x08002a18       0x28 ..\obj\usb_regs.o
                0x08002a18                ClearDTOG_TX
 .text.SetEPTxAddr
                0x08002a40       0x20 ..\obj\usb_regs.o
                0x08002a40                SetEPTxAddr
 .text.SetEPRxAddr
                0x08002a60       0x20 ..\obj\usb_regs.o
                0x08002a60                SetEPRxAddr
 .text.GetEPTxAddr
                0x08002a80       0x1c ..\obj\usb_regs.o
                0x08002a80                GetEPTxAddr
 .text.GetEPRxAddr
                0x08002a9c       0x1c ..\obj\usb_regs.o
                0x08002a9c                GetEPRxAddr
 .text.SetEPTxCount
                0x08002ab8       0x1c ..\obj\usb_regs.o
                0x08002ab8                SetEPTxCount
 .text.SetEPRxCount
                0x08002ad4       0x44 ..\obj\usb_regs.o
                0x08002ad4                SetEPRxCount
 .text.GetEPRxCount
                0x08002b18       0x20 ..\obj\usb_regs.o
                0x08002b18                GetEPRxCount
 .text.ByteSwap
                0x08002b38        0xc ..\obj\usb_regs.o
                0x08002b38                ByteSwap
 .text.PWR_BackupAccessCmd
                0x08002b44        0xc ..\obj\stm32f10x_pwr.o
                0x08002b44                PWR_BackupAccessCmd
 .text.PWR_WakeUpPinCmd
                0x08002b50        0xc ..\obj\stm32f10x_pwr.o
                0x08002b50                PWR_WakeUpPinCmd
 .text.PWR_EnterSTANDBYMode
                0x08002b5c       0x28 ..\obj\stm32f10x_pwr.o
                0x08002b5c                PWR_EnterSTANDBYMode
 .text.Default_Handler
                0x08002b84        0x4 ..\obj\startup_stm32f10x_md.o
                0x08002b84                EXTI2_IRQHandler
                0x08002b84                TIM1_CC_IRQHandler
                0x08002b84                PVD_IRQHandler
                0x08002b84                EXTI3_IRQHandler
                0x08002b84                EXTI0_IRQHandler
                0x08002b84                I2C2_EV_IRQHandler
                0x08002b84                ADC1_2_IRQHandler
                0x08002b84                SPI1_IRQHandler
                0x08002b84                TAMPER_IRQHandler
                0x08002b84                DMA1_Channel4_IRQHandler
                0x08002b84                USART3_IRQHandler
                0x08002b84                RTC_IRQHandler
                0x08002b84                DMA1_Channel7_IRQHandler
                0x08002b84                CAN1_RX1_IRQHandler
                0x08002b84                TIM4_IRQHandler
                0x08002b84                I2C1_EV_IRQHandler
                0x08002b84                DMA1_Channel6_IRQHandler
                0x08002b84                TIM3_IRQHandler
                0x08002b84                RCC_IRQHandler
                0x08002b84                TIM1_TRG_COM_IRQHandler
                0x08002b84                DMA1_Channel1_IRQHandler
                0x08002b84                EXTI15_10_IRQHandler
                0x08002b84                EXTI9_5_IRQHandler
                0x08002b84                SPI2_IRQHandler
                0x08002b84                DMA1_Channel5_IRQHandler
                0x08002b84                USB_HP_CAN1_TX_IRQHandler
                0x08002b84                DMA1_Channel3_IRQHandler
                0x08002b84                TIM1_UP_IRQHandler
                0x08002b84                WWDG_IRQHandler
                0x08002b84                TIM2_IRQHandler
                0x08002b84                TIM1_BRK_IRQHandler
                0x08002b84                RTCAlarm_IRQHandler
                0x08002b84                USART2_IRQHandler
                0x08002b84                I2C2_ER_IRQHandler
                0x08002b84                DMA1_Channel2_IRQHandler
                0x08002b84                CAN1_SCE_IRQHandler
                0x08002b84                FLASH_IRQHandler
                0x08002b84                USART1_IRQHandler
                0x08002b84                I2C1_ER_IRQHandler
                0x08002b84                USBWakeUp_IRQHandler
 .text.Default_Reset_Handler
                0x08002b88       0x5c ..\obj\startup_stm32f10x_md.o
                0x08002b88                Default_Reset_Handler
                0x08002b88                Reset_Handler
 .text.IntToUnicode
                0x08002be4       0x30 ..\obj\hw_config.o
 .text.Set_System
                0x08002c14        0x4 ..\obj\hw_config.o
                0x08002c14                Set_System
 .text.Set_USBClock
                0x08002c18       0x14 ..\obj\hw_config.o
                0x08002c18                Set_USBClock
 .text.Enter_LowPowerMode
                0x08002c2c        0xc ..\obj\hw_config.o
                0x08002c2c                Enter_LowPowerMode
 .text.Leave_LowPowerMode
                0x08002c38       0x20 ..\obj\hw_config.o
                0x08002c38                Leave_LowPowerMode
 .text.USB_Interrupts_Config
                0x08002c58       0x30 ..\obj\hw_config.o
                0x08002c58                USB_Interrupts_Config
 .text.USB_Cable_Config
                0x08002c88        0x4 ..\obj\hw_config.o
                0x08002c88                USB_Cable_Config
 .text.Get_SerialNum
                0x08002c8c       0x38 ..\obj\hw_config.o
                0x08002c8c                Get_SerialNum
 .text.GPIO_Init
                0x08002cc4       0xa4 ..\obj\stm32f10x_gpio.o
                0x08002cc4                GPIO_Init
 .text.GPIO_ReadInputDataBit
                0x08002d68        0xc ..\obj\stm32f10x_gpio.o
                0x08002d68                GPIO_ReadInputDataBit
 .text.GPIO_SetBits
                0x08002d74        0x4 ..\obj\stm32f10x_gpio.o
                0x08002d74                GPIO_SetBits
 .text.GPIO_ResetBits
                0x08002d78        0x4 ..\obj\stm32f10x_gpio.o
                0x08002d78                GPIO_ResetBits
 .text.GPIO_PinRemapConfig
                0x08002d7c       0x70 ..\obj\stm32f10x_gpio.o
                0x08002d7c                GPIO_PinRemapConfig
 .text.GPIO_EXTILineConfig
                0x08002dec       0x30 ..\obj\stm32f10x_gpio.o
                0x08002dec                GPIO_EXTILineConfig
 .text.Virtual_Com_Port_SetConfiguration
                0x08002e1c       0x18 ..\obj\usb_prop.o
                0x08002e1c                Virtual_Com_Port_SetConfiguration
 .text.Virtual_Com_Port_SetDeviceAddress
                0x08002e34        0xc ..\obj\usb_prop.o
                0x08002e34                Virtual_Com_Port_SetDeviceAddress
 .text.Virtual_Com_Port_Status_In
                0x08002e40       0x14 ..\obj\usb_prop.o
                0x08002e40                Virtual_Com_Port_Status_In
 .text.Virtual_Com_Port_Status_Out
                0x08002e54        0x4 ..\obj\usb_prop.o
                0x08002e54                Virtual_Com_Port_Status_Out
 .text.Virtual_Com_Port_Data_Setup
                0x08002e58       0x68 ..\obj\usb_prop.o
                0x08002e58                Virtual_Com_Port_Data_Setup
 .text.Virtual_Com_Port_NoData_Setup
                0x08002ec0       0x24 ..\obj\usb_prop.o
                0x08002ec0                Virtual_Com_Port_NoData_Setup
 .text.Virtual_Com_Port_Get_Interface_Setting
                0x08002ee4       0x10 ..\obj\usb_prop.o
                0x08002ee4                Virtual_Com_Port_Get_Interface_Setting
 .text.Virtual_Com_Port_GetLineCoding
                0x08002ef4       0x18 ..\obj\usb_prop.o
                0x08002ef4                Virtual_Com_Port_GetLineCoding
 .text.Virtual_Com_Port_SetLineCoding
                0x08002f0c       0x18 ..\obj\usb_prop.o
                0x08002f0c                Virtual_Com_Port_SetLineCoding
 .text.Virtual_Com_Port_init
                0x08002f24       0x24 ..\obj\usb_prop.o
                0x08002f24                Virtual_Com_Port_init
 .text.Virtual_Com_Port_Reset
                0x08002f48       0xe0 ..\obj\usb_prop.o
                0x08002f48                Virtual_Com_Port_Reset
 .text.Virtual_Com_Port_GetDeviceDescriptor
                0x08003028       0x10 ..\obj\usb_prop.o
                0x08003028                Virtual_Com_Port_GetDeviceDescriptor
 .text.Virtual_Com_Port_GetConfigDescriptor
                0x08003038       0x10 ..\obj\usb_prop.o
                0x08003038                Virtual_Com_Port_GetConfigDescriptor
 .text.Virtual_Com_Port_GetStringDescriptor
                0x08003048       0x24 ..\obj\usb_prop.o
                0x08003048                Virtual_Com_Port_GetStringDescriptor
 .text.PowerOn  0x0800306c       0x30 ..\obj\usb_pwr.o
                0x0800306c                PowerOn
 .text.Suspend  0x0800309c       0x24 ..\obj\usb_pwr.o
                0x0800309c                Suspend
 .text.Resume_Init
                0x080030c0       0x20 ..\obj\usb_pwr.o
                0x080030c0                Resume_Init
 .text.Resume   0x080030e0       0xac ..\obj\usb_pwr.o
                0x080030e0                Resume
 .text.USB_Init
                0x0800318c       0x38 ..\obj\usb_init.o
                0x0800318c                USB_Init
 .text.delay_ms
                0x080031c4       0x14 ..\obj\main.o
                0x080031c4                delay_ms
 .text.SysTick_Handler
                0x080031d8       0x8c ..\obj\main.o
                0x080031d8                SysTick_Handler
 .text.GetControls
                0x08003264      0x120 ..\obj\main.o
                0x08003264                GetControls
 .text.main     0x08003384       0xdc ..\obj\main.o
                0x08003384                main
 .text.EXTI1_IRQHandler
                0x08003460       0x14 ..\obj\main.o
                0x08003460                EXTI1_IRQHandler
 .text.GetADCChannelValue
                0x08003474       0x34 ..\obj\hw_hal.o
 .text.GetThrottle
                0x080034a8        0xc ..\obj\hw_hal.o
                0x080034a8                GetThrottle
 .text.GetBrake
                0x080034b4        0xc ..\obj\hw_hal.o
                0x080034b4                GetBrake
 .text.GetTemperatureChip
                0x080034c0       0x2c ..\obj\hw_hal.o
                0x080034c0                GetTemperatureChip
 .text.GetVBatMV
                0x080034ec       0x28 ..\obj\hw_hal.o
                0x080034ec                GetVBatMV
 .text.HALLEnable
                0x08003514       0x14 ..\obj\hw_hal.o
                0x08003514                HALLEnable
 .text.HALLDisable
                0x08003528       0x14 ..\obj\hw_hal.o
                0x08003528                HALLDisable
 .text.InitPeriph
                0x0800353c      0x42c ..\obj\hw_hal.o
                0x0800353c                InitPeriph
 .text.HapticOn
                0x08003968       0x14 ..\obj\hw_hal.o
                0x08003968                HapticOn
 .text.HapticOff
                0x0800397c       0x14 ..\obj\hw_hal.o
                0x0800397c                HapticOff
 .text.HapticBuzz
                0x08003990       0x14 ..\obj\hw_hal.o
                0x08003990                HapticBuzz
 .text.IsCharging
                0x080039a4       0x18 ..\obj\hw_hal.o
                0x080039a4                IsCharging
 .text.Sound    0x080039bc       0x7c ..\obj\hw_hal.o
                0x080039bc                Sound
 .text.Beep     0x08003a38       0x14 ..\obj\hw_hal.o
                0x08003a38                Beep
 .text.RCC_DeInit
                0x08003a4c       0x40 ..\obj\stm32f10x_rcc.o
                0x08003a4c                RCC_DeInit
 .text.RCC_PLLConfig
                0x08003a8c       0x14 ..\obj\stm32f10x_rcc.o
                0x08003a8c                RCC_PLLConfig
 .text.RCC_PLLCmd
                0x08003aa0        0xc ..\obj\stm32f10x_rcc.o
                0x08003aa0                RCC_PLLCmd
 .text.RCC_SYSCLKConfig
                0x08003aac       0x14 ..\obj\stm32f10x_rcc.o
                0x08003aac                RCC_SYSCLKConfig
 .text.RCC_GetSYSCLKSource
                0x08003ac0       0x10 ..\obj\stm32f10x_rcc.o
                0x08003ac0                RCC_GetSYSCLKSource
 .text.RCC_HCLKConfig
                0x08003ad0       0x14 ..\obj\stm32f10x_rcc.o
                0x08003ad0                RCC_HCLKConfig
 .text.RCC_PCLK1Config
                0x08003ae4       0x14 ..\obj\stm32f10x_rcc.o
                0x08003ae4                RCC_PCLK1Config
 .text.RCC_PCLK2Config
                0x08003af8       0x14 ..\obj\stm32f10x_rcc.o
                0x08003af8                RCC_PCLK2Config
 .text.RCC_USBCLKConfig
                0x08003b0c        0xc ..\obj\stm32f10x_rcc.o
                0x08003b0c                RCC_USBCLKConfig
 .text.RCC_ADCCLKConfig
                0x08003b18       0x14 ..\obj\stm32f10x_rcc.o
                0x08003b18                RCC_ADCCLKConfig
 .text.RCC_GetClocksFreq
                0x08003b2c       0xb4 ..\obj\stm32f10x_rcc.o
                0x08003b2c                RCC_GetClocksFreq
 .text.RCC_APB2PeriphClockCmd
                0x08003be0       0x1c ..\obj\stm32f10x_rcc.o
                0x08003be0                RCC_APB2PeriphClockCmd
 .text.RCC_APB1PeriphClockCmd
                0x08003bfc       0x1c ..\obj\stm32f10x_rcc.o
                0x08003bfc                RCC_APB1PeriphClockCmd
 .text.RCC_GetFlagStatus
                0x08003c18       0x28 ..\obj\stm32f10x_rcc.o
                0x08003c18                RCC_GetFlagStatus
 .text.EXTI_Init
                0x08003c40       0x90 ..\obj\stm32f10x_exti.o
                0x08003c40                EXTI_Init
 .text.EXTI_GetITStatus
                0x08003cd0       0x1c ..\obj\stm32f10x_exti.o
                0x08003cd0                EXTI_GetITStatus
 .text.EXTI_ClearITPendingBit
                0x08003cec        0xc ..\obj\stm32f10x_exti.o
                0x08003cec                EXTI_ClearITPendingBit
 .text.ADC_Init
                0x08003cf8       0x4c ..\obj\stm32f10x_adc.o
                0x08003cf8                ADC_Init
 .text.ADC_Cmd  0x08003d44       0x18 ..\obj\stm32f10x_adc.o
                0x08003d44                ADC_Cmd
 .text.ADC_ResetCalibration
                0x08003d5c        0xc ..\obj\stm32f10x_adc.o
                0x08003d5c                ADC_ResetCalibration
 .text.ADC_GetResetCalibrationStatus
                0x08003d68        0x8 ..\obj\stm32f10x_adc.o
                0x08003d68                ADC_GetResetCalibrationStatus
 .text.ADC_StartCalibration
                0x08003d70        0xc ..\obj\stm32f10x_adc.o
                0x08003d70                ADC_StartCalibration
 .text.ADC_GetCalibrationStatus
                0x08003d7c        0x8 ..\obj\stm32f10x_adc.o
                0x08003d7c                ADC_GetCalibrationStatus
 .text.ADC_SoftwareStartConvCmd
                0x08003d84       0x18 ..\obj\stm32f10x_adc.o
                0x08003d84                ADC_SoftwareStartConvCmd
 .text.ADC_RegularChannelConfig
                0x08003d9c       0x94 ..\obj\stm32f10x_adc.o
                0x08003d9c                ADC_RegularChannelConfig
 .text.ADC_GetConversionValue
                0x08003e30        0x8 ..\obj\stm32f10x_adc.o
                0x08003e30                ADC_GetConversionValue
 .text.ADC_TempSensorVrefintCmd
                0x08003e38       0x20 ..\obj\stm32f10x_adc.o
                0x08003e38                ADC_TempSensorVrefintCmd
 .text.ADC_GetFlagStatus
                0x08003e58        0xc ..\obj\stm32f10x_adc.o
                0x08003e58                ADC_GetFlagStatus
 .text.I2C_Start
                0x08003e64       0x40 ..\obj\LCD.o
 .text.I2C_SendAddr
                0x08003ea4       0x30 ..\obj\LCD.o
 .text.I2C_SendByte
                0x08003ed4       0x24 ..\obj\LCD.o
 .text.I2C_Stop
                0x08003ef8       0x24 ..\obj\LCD.o
 .text.LCD_WriteComBasic
                0x08003f1c       0x40 ..\obj\LCD.o
 .text.LCD_Off  0x08003f5c       0x18 ..\obj\LCD.o
                0x08003f5c                LCD_Off
 .text.LCD_Fill
                0x08003f74       0x18 ..\obj\LCD.o
                0x08003f74                LCD_Fill
 .text.LCD_Clear
                0x08003f8c       0x18 ..\obj\LCD.o
                0x08003f8c                LCD_Clear
 .text.LCD_Update
                0x08003fa4       0x38 ..\obj\LCD.o
                0x08003fa4                LCD_Update
 .text.LCD_InitOn
                0x08003fdc      0x10c ..\obj\LCD.o
                0x08003fdc                LCD_InitOn
 .text.LCD_Pixel
                0x080040e8       0x4c ..\obj\LCD.o
                0x080040e8                LCD_Pixel
 .text.LCD_PixelInvert
                0x08004134       0x4c ..\obj\LCD.o
                0x08004134                LCD_PixelInvert
 .text.LCD_HLine
                0x08004180       0x24 ..\obj\LCD.o
                0x08004180                LCD_HLine
 .text.LCD_VLine
                0x080041a4       0x24 ..\obj\LCD.o
                0x080041a4                LCD_VLine
 .text.LCD_Rectangle
                0x080041c8       0x48 ..\obj\LCD.o
                0x080041c8                LCD_Rectangle
 .text.LCD_RectangleFill
                0x08004210       0x48 ..\obj\LCD.o
                0x08004210                LCD_RectangleFill
 .text.LCD_RectangleInvert
                0x08004258       0x40 ..\obj\LCD.o
                0x08004258                LCD_RectangleInvert
 .text.LCD_setFont
                0x08004298       0x20 ..\obj\LCD.o
                0x08004298                LCD_setFont
 .text.LCD_MultChar
                0x080042b8      0x224 ..\obj\LCD.o
                0x080042b8                LCD_MultChar
 .text.LCD_String
                0x080044dc       0x5c ..\obj\LCD.o
                0x080044dc                LCD_String
 .text.LCD_StringCentered
                0x08004538       0x48 ..\obj\LCD.o
                0x08004538                LCD_StringCentered
 .text.LCD_Num  0x08004580       0x24 ..\obj\LCD.o
                0x08004580                LCD_Num
 .text.LCD_Float
                0x080045a4       0x24 ..\obj\LCD.o
                0x080045a4                LCD_Float
 .text.LCD_FloatPseudoWString
                0x080045c8       0x30 ..\obj\LCD.o
                0x080045c8                LCD_FloatPseudoWString
 .text.LCD_NumWDesc
                0x080045f8       0x34 ..\obj\LCD.o
                0x080045f8                LCD_NumWDesc
 .text.LCD_Celsium
                0x0800462c       0x40 ..\obj\LCD.o
                0x0800462c                LCD_Celsium
 .text.buffer_append_int32
                0x0800466c       0x30 ..\obj\buffer.o
                0x0800466c                buffer_append_int32
 .text.buffer_append_float32
                0x0800469c       0x20 ..\obj\buffer.o
                0x0800469c                buffer_append_float32
 .text.buffer_get_int16
                0x080046bc       0x1c ..\obj\buffer.o
                0x080046bc                buffer_get_int16
 .text.buffer_get_uint16
                0x080046d8       0x18 ..\obj\buffer.o
                0x080046d8                buffer_get_uint16
 .text.USB_SIL_Init
                0x080046f0       0x20 ..\obj\usb_sil.o
                0x080046f0                USB_SIL_Init
 .text.FLASH_SetLatency
                0x08004710       0x14 ..\obj\stm32f10x_flash.o
                0x08004710                FLASH_SetLatency
 .text.FLASH_PrefetchBufferCmd
                0x08004724       0x18 ..\obj\stm32f10x_flash.o
                0x08004724                FLASH_PrefetchBufferCmd
 .text.NMI_Handler
                0x0800473c        0x4 ..\obj\stm32f10x_it.o
                0x0800473c                NMI_Handler
 .text.HardFault_Handler
                0x08004740        0x4 ..\obj\stm32f10x_it.o
                0x08004740                HardFault_Handler
 .text.MemManage_Handler
                0x08004744        0x4 ..\obj\stm32f10x_it.o
                0x08004744                MemManage_Handler
 .text.BusFault_Handler
                0x08004748        0x4 ..\obj\stm32f10x_it.o
                0x08004748                BusFault_Handler
 .text.UsageFault_Handler
                0x0800474c        0x4 ..\obj\stm32f10x_it.o
                0x0800474c                UsageFault_Handler
 .text.SVC_Handler
                0x08004750        0x4 ..\obj\stm32f10x_it.o
                0x08004750                SVC_Handler
 .text.DebugMon_Handler
                0x08004754        0x4 ..\obj\stm32f10x_it.o
                0x08004754                DebugMon_Handler
 .text.PendSV_Handler
                0x08004758        0x4 ..\obj\stm32f10x_it.o
                0x08004758                PendSV_Handler
 .text.USB_LP_CAN1_RX0_IRQHandler
                0x0800475c        0x8 ..\obj\stm32f10x_it.o
                0x0800475c                USB_LP_CAN1_RX0_IRQHandler
 .text.EP3_OUT_Callback
                0x08004764       0x2c ..\obj\usb_endp.o
                0x08004764                EP3_OUT_Callback
 .text.EP1_IN_Callback
                0x08004790        0xc ..\obj\usb_endp.o
                0x08004790                EP1_IN_Callback
 .text.NVIC_PriorityGroupConfig
                0x0800479c       0x14 ..\obj\misc.o
                0x0800479c                NVIC_PriorityGroupConfig
 .text.NVIC_Init
                0x080047b0       0x6c ..\obj\misc.o
                0x080047b0                NVIC_Init
 .text.fmap     0x0800481c       0x64 ..\obj\interface.o
                0x0800481c                fmap
 .text.InterfaceInit
                0x08004880       0x64 ..\obj\interface.o
                0x08004880                InterfaceInit
 *fill*         0x080048e4        0x4 
 .text.InterfaceCallback
                0x080048e8      0x228 ..\obj\interface.o
                0x080048e8                InterfaceCallback
 .text.SendPowerOff
                0x08004b10       0x5c ..\obj\interface.o
                0x08004b10                SendPowerOff
 *fill*         0x08004b6c        0x4 
 .text.InterfaceProcessInputPacket
                0x08004b70      0x118 ..\obj\interface.o
                0x08004b70                InterfaceProcessInputPacket
 .text.SPI_Init
                0x08004c88       0x44 ..\obj\stm32f10x_spi.o
                0x08004c88                SPI_Init
 .text.SPI_Cmd  0x08004ccc       0x1c ..\obj\stm32f10x_spi.o
                0x08004ccc                SPI_Cmd
 .text.SPI_I2S_GetFlagStatus
                0x08004ce8        0xc ..\obj\stm32f10x_spi.o
                0x08004ce8                SPI_I2S_GetFlagStatus
 .text.I2C_Init
                0x08004cf4       0xd8 ..\obj\stm32f10x_i2c.o
                0x08004cf4                I2C_Init
 .text.I2C_Cmd  0x08004dcc       0x1c ..\obj\stm32f10x_i2c.o
                0x08004dcc                I2C_Cmd
 .text.I2C_GenerateSTART
                0x08004de8       0x1c ..\obj\stm32f10x_i2c.o
                0x08004de8                I2C_GenerateSTART
 .text.I2C_GenerateSTOP
                0x08004e04       0x1c ..\obj\stm32f10x_i2c.o
                0x08004e04                I2C_GenerateSTOP
 .text.I2C_AcknowledgeConfig
                0x08004e20       0x1c ..\obj\stm32f10x_i2c.o
                0x08004e20                I2C_AcknowledgeConfig
 .text.I2C_SendData
                0x08004e3c        0x4 ..\obj\stm32f10x_i2c.o
                0x08004e3c                I2C_SendData
 .text.I2C_Send7bitAddress
                0x08004e40       0x10 ..\obj\stm32f10x_i2c.o
                0x08004e40                I2C_Send7bitAddress
 .text.I2C_CheckEvent
                0x08004e50       0x1c ..\obj\stm32f10x_i2c.o
                0x08004e50                I2C_CheckEvent
 .text.I2C_GetFlagStatus
                0x08004e6c       0x38 ..\obj\stm32f10x_i2c.o
                0x08004e6c                I2C_GetFlagStatus
 .text.UserToPMABufferCopy
                0x08004ea4       0x34 ..\obj\usb_mem.o
                0x08004ea4                UserToPMABufferCopy
 .text.PMAToUserBufferCopy
                0x08004ed8       0x20 ..\obj\usb_mem.o
                0x08004ed8                PMAToUserBufferCopy
 .text.USB_Istr
                0x08004ef8      0x1b8 ..\obj\usb_istr.o
                0x08004ef8                USB_Istr
 .text.BKP_WriteBackupRegister
                0x080050b0       0x1c ..\obj\stm32f10x_bkp.o
                0x080050b0                BKP_WriteBackupRegister
 .text.BKP_ReadBackupRegister
                0x080050cc       0x20 ..\obj\stm32f10x_bkp.o
                0x080050cc                BKP_ReadBackupRegister
 .text          0x080050ec      0x370 c:/program files (x86)/arm gcc/bin/../lib/gcc/arm-none-eabi/4.8.4/armv7-m\libgcc.a(_arm_addsubdf3.o)
                0x080050ec                __aeabi_drsub
                0x080050f4                __aeabi_dsub
                0x080050f4                __subdf3
                0x080050f8                __aeabi_dadd
                0x080050f8                __adddf3
                0x08005370                __floatunsidf
                0x08005370                __aeabi_ui2d
                0x08005390                __floatsidf
                0x08005390                __aeabi_i2d
                0x080053b4                __aeabi_f2d
                0x080053b4                __extendsfdf2
                0x080053f0                __floatundidf
                0x080053f0                __aeabi_ul2d
                0x08005400                __floatdidf
                0x08005400                __aeabi_l2d
 .text          0x0800545c      0x424 c:/program files (x86)/arm gcc/bin/../lib/gcc/arm-none-eabi/4.8.4/armv7-m\libgcc.a(_arm_muldivdf3.o)
                0x0800545c                __aeabi_dmul
                0x0800545c                __muldf3
                0x080056b0                __divdf3
                0x080056b0                __aeabi_ddiv
 .text          0x08005880      0x110 c:/program files (x86)/arm gcc/bin/../lib/gcc/arm-none-eabi/4.8.4/armv7-m\libgcc.a(_arm_cmpdf2.o)
                0x08005880                __gtdf2
                0x08005880                __gedf2
                0x08005888                __ltdf2
                0x08005888                __ledf2
                0x08005890                __nedf2
                0x08005890                __eqdf2
                0x08005890                __cmpdf2
                0x0800590c                __aeabi_cdrcmple
                0x0800591c                __aeabi_cdcmpeq
                0x0800591c                __aeabi_cdcmple
                0x0800592c                __aeabi_dcmpeq
                0x08005940                __aeabi_dcmplt
                0x08005954                __aeabi_dcmple
                0x08005968                __aeabi_dcmpge
                0x0800597c                __aeabi_dcmpgt
 .text          0x08005990       0x50 c:/program files (x86)/arm gcc/bin/../lib/gcc/arm-none-eabi/4.8.4/armv7-m\libgcc.a(_arm_fixdfsi.o)
                0x08005990                __aeabi_d2iz
                0x08005990                __fixdfsi
 .text          0x080059e0       0xa0 c:/program files (x86)/arm gcc/bin/../lib/gcc/arm-none-eabi/4.8.4/armv7-m\libgcc.a(_arm_truncdfsf2.o)
                0x080059e0                __truncdfsf2
                0x080059e0                __aeabi_d2f
 .text          0x08005a80      0x21c c:/program files (x86)/arm gcc/bin/../lib/gcc/arm-none-eabi/4.8.4/armv7-m\libgcc.a(_arm_addsubsf3.o)
                0x08005a80                __aeabi_frsub
                0x08005a88                __subsf3
                0x08005a88                __aeabi_fsub
                0x08005a8c                __aeabi_fadd
                0x08005a8c                __addsf3
                0x08005bec                __aeabi_ui2f
                0x08005bec                __floatunsisf
                0x08005bf4                __aeabi_i2f
                0x08005bf4                __floatsisf
                0x08005c10                __aeabi_ul2f
                0x08005c10                __floatundisf
                0x08005c20                __aeabi_l2f
                0x08005c20                __floatdisf
 .text          0x08005c9c      0x2a0 c:/program files (x86)/arm gcc/bin/../lib/gcc/arm-none-eabi/4.8.4/armv7-m\libgcc.a(_arm_muldivsf3.o)
                0x08005c9c                __mulsf3
                0x08005c9c                __aeabi_fmul
                0x08005e04                __aeabi_fdiv
                0x08005e04                __divsf3
 .text          0x08005f3c       0xec c:/program files (x86)/arm gcc/bin/../lib/gcc/arm-none-eabi/4.8.4/armv7-m\libgcc.a(_arm_cmpsf2.o)
                0x08005f3c                __gesf2
                0x08005f3c                __gtsf2
                0x08005f44                __lesf2
                0x08005f44                __ltsf2
                0x08005f4c                __nesf2
                0x08005f4c                __eqsf2
                0x08005f4c                __cmpsf2
                0x08005fac                __aeabi_cfrcmple
                0x08005fb4                __aeabi_cfcmpeq
                0x08005fb4                __aeabi_cfcmple
                0x08005fc4                __aeabi_fcmpeq
                0x08005fd8                __aeabi_fcmplt
                0x08005fec                __aeabi_fcmple
                0x08006000                __aeabi_fcmpge
                0x08006014                __aeabi_fcmpgt
 .text          0x08006028       0x4c c:/program files (x86)/arm gcc/bin/../lib/gcc/arm-none-eabi/4.8.4/armv7-m\libgcc.a(_arm_fixsfsi.o)
                0x08006028                __aeabi_f2iz
                0x08006028                __fixsfsi
 *(.init)
 *(.fini)
 *crtbegin.o(.ctors)
 *crtbegin?.o(.ctors)
 *(EXCLUDE_FILE(*crtend.o *crtend?.o) .ctors)
 *(SORT(.ctors.*))
 *(.ctors)
 *crtbegin.o(.dtors)
 *crtbegin?.o(.dtors)
 *(EXCLUDE_FILE(*crtend.o *crtend?.o) .dtors)
 *(SORT(.dtors.*))
 *(.dtors)
 *(.rodata*)
 .rodata.str1.4
                0x08006074       0x77 ..\obj\UI.o
                                 0x7c (size before relaxing)
 *fill*         0x080060eb        0x1 
 .rodata        0x080060ec      0x200 ..\obj\NRF24L01.o
                0x080060ec                crc16_tab
 .rodata        0x080062ec       0xb8 ..\obj\usb_desc.o
                0x080062ec                Virtual_Com_Port_StringProduct
                0x08006320                Virtual_Com_Port_StringVendor
                0x08006348                Virtual_Com_Port_StringLangID
                0x0800634c                Virtual_Com_Port_ConfigDescriptor
                0x08006390                Virtual_Com_Port_DeviceDescriptor
 .rodata        0x080063a4     0x2248 ..\obj\DefaultFonts.o
                0x080063a4                fontSTD_DotMatrix_M
                0x08007400                fontSTD_swiss721_outline
                0x08007fe8                font5x8
                0x08008400                font3x5
 .rodata.str1.4
                0x080085ec        0x4 ..\obj\LCD.o
 *(.eh_fram e*)

.glue_7         0x080085f0        0x0
 .glue_7        0x00000000        0x0 linker stubs

.glue_7t        0x080085f0        0x0
 .glue_7t       0x00000000        0x0 linker stubs

.vfp11_veneer   0x080085f0        0x0
 .vfp11_veneer  0x00000000        0x0 linker stubs

.v4_bx          0x080085f0        0x0
 .v4_bx         0x00000000        0x0 linker stubs

.iplt           0x080085f0        0x0
 .iplt          0x00000000        0x0 ..\obj\stm32f10x_rtc.o

.rel.dyn        0x080085f0        0x0
 .rel.iplt      0x00000000        0x0 ..\obj\stm32f10x_rtc.o

.ARM.extab
 *(.ARM.extab* .gnu.linkonce.armextab.*)
                0x080085f0                __exidx_start = .

.ARM.exidx
 *(.ARM.exidx* .gnu.linkonce.armexidx.*)
                0x080085f0                __exidx_end = .
                0x080085f0                __etext = .
                0x080085f0                _sidata = __etext

.data           0x20000000      0x13c load address 0x080085f0
                0x20000000                __data_start__ = .
                0x20000000                _sdata = __data_start__
 *(vtable)
 *(.data*)
 .data          0x20000000       0x10 ..\obj\NRF24L01.o
                0x20000000                RxAddress
                0x20000008                TxAddress
 .data          0x20000010       0x1c ..\obj\usb_desc.o
                0x20000010                Virtual_Com_Port_StringSerial
 .data          0x2000002c       0x90 ..\obj\usb_prop.o
                0x2000002c                linecoding
                0x20000034                Device_Property
                0x20000064                Device_Descriptor
                0x2000006c                Config_Descriptor
                0x20000074                String_Descriptor
                0x20000094                User_Standard_Requests
                0x200000b8                Device_Table
 .data          0x200000bc        0x1 ..\obj\usb_pwr.o
                0x200000bc                fSuspendEnabled
 *fill*         0x200000bd        0x3 
 .data          0x200000c0       0x20 ..\obj\main.o
                0x200000c0                shutdownDelay
                0x200000c4                brkStart
                0x200000c8                thrStart
                0x200000cc                brkCorrel
                0x200000d0                thrEnd
                0x200000d4                thrCorrel
                0x200000d8                brkEnd
                0x200000dc                succPKT
 .data          0x200000e0       0x14 ..\obj\stm32f10x_rcc.o
 .data          0x200000f4       0x10 ..\obj\interface.o
                0x200000f4                limDuty
                0x200000f8                limSpeed
                0x200000fc                limCurr
                0x20000100                limSmartSpeed
 .data          0x20000104       0x38 ..\obj\usb_istr.o
                0x20000104                pEpInt_OUT
                0x20000120                pEpInt_IN
                0x2000013c                . = ALIGN (0x4)
                0x2000013c                PROVIDE (__preinit_array_start, .)
 *(.preinit_array)
                0x2000013c                PROVIDE (__preinit_array_end, .)
                0x2000013c                . = ALIGN (0x4)
                0x2000013c                PROVIDE (__init_array_start, .)
 *(SORT(.init_array.*))
 *(.init_array)
                0x2000013c                PROVIDE (__init_array_end, .)
                0x2000013c                . = ALIGN (0x4)
                0x2000013c                PROVIDE (__fini_array_start, .)
 *(SORT(.fini_array.*))
 *(.fini_array)
                0x2000013c                PROVIDE (__fini_array_end, .)
 *(.jcr*)
                0x2000013c                . = ALIGN (0x4)
                0x2000013c                __data_end__ = .
                0x2000013c                _edata = __data_end__

.igot.plt       0x2000013c        0x0 load address 0x0800872c
 .igot.plt      0x00000000        0x0 ..\obj\stm32f10x_rtc.o

.bss            0x2000013c      0x5d0 load address 0x0800872c
                0x2000013c                . = ALIGN (0x4)
                0x2000013c                __bss_start__ = .
                0x2000013c                _sbss = __bss_start__
 *(.bss*)
 .bss           0x2000013c        0x1 ..\obj\usb_core.o
                0x2000013c                Data_Mul_MaxPacketSize
 *fill*         0x2000013d        0x1 
 .bss           0x2000013e        0x6 ..\obj\sound.o
                0x2000013e                cbEnd
                0x2000013f                noteState
                0x20000140                soundTimer
                0x20000142                cbStart
 .bss           0x20000144       0x14 ..\obj\UI.o
                0x20000146                screenMode
                0x20000150                btnDelay
 .bss           0x20000158        0x8 ..\obj\NRF24L01.o
                0x20000158                RxMsgSize
 .bss           0x20000160        0x1 ..\obj\usb_prop.o
                0x20000160                Request
 *fill*         0x20000161        0x3 
 .bss           0x20000164        0x4 ..\obj\usb_pwr.o
                0x20000164                bDeviceState
 .bss           0x20000168       0x28 ..\obj\main.o
                0x20000168                timerDelay
                0x2000016c                msHeartbeat1000
                0x20000170                sysTickerMs
                0x20000174                buzzDelay
                0x20000178                soundDelay
                0x2000017e                brkLevel
                0x20000180                thrLevel
                0x20000184                timeRxCount
                0x20000188                timeRx
                0x2000018c                failPKT
 .bss           0x20000190      0x200 ..\obj\LCD.o
                0x2000038d                inverseMode
 .bss           0x20000390        0x8 ..\obj\usb_endp.o
                0x20000390                count_out
                0x20000394                count_in
 .bss           0x20000398        0x8 ..\obj\interface.o
                0x20000398                invertMode
 .bss           0x200003a0        0xc ..\obj\usb_istr.o
                0x200003a0                bIntPackSOF
                0x200003a4                esof_counter
                0x200003a8                wCNTR
 *(COMMON)
 COMMON         0x200003ac        0x2 ..\obj\usb_core.o
                0x200003ac                StatusInfo
 *fill*         0x200003ae        0x2 
 COMMON         0x200003b0      0x258 ..\obj\sound.o
                0x200003b0                SoundCB
 COMMON         0x20000608       0x24 ..\obj\NRF24L01.o
                0x20000608                Payload
                0x20000609                TxMode
                0x2000060c                RxArray
 COMMON         0x2000062c        0x4 ..\obj\usb_int.o
                0x2000062c                SaveRState
                0x2000062e                SaveTState
 COMMON         0x20000630        0x2 ..\obj\usb_pwr.o
                0x20000630                ResumeS
 *fill*         0x20000632        0x2 
 COMMON         0x20000634       0x32 ..\obj\usb_init.o
                0x20000634                SaveState
                0x20000638                pProperty
                0x2000063c                EPindex
                0x20000640                Device_Info
                0x2000065c                pUser_Standard_Requests
                0x20000660                pInformation
                0x20000664                wInterrupt_Mask
 *fill*         0x20000666        0x2 
 COMMON         0x20000668        0xc ..\obj\LCD.o
                0x20000668                cfont
 COMMON         0x20000674       0x40 ..\obj\usb_endp.o
                0x20000674                buffer_out
 COMMON         0x200006b4       0x56 ..\obj\interface.o
                0x200006b4                currentState
                0x20000708                cntcnt
                0x20000709                controlMode
 COMMON         0x2000070a        0x2 ..\obj\usb_istr.o
                0x2000070a                wIstr
                0x2000070c                . = ALIGN (0x4)
                0x2000070c                __bss_end__ = .
                0x2000070c                _ebss = __bss_end__

.heap           0x2000070c        0x0
                0x2000070c                __end__ = .
                0x2000070c                _end = __end__
                0x2000070c                end = __end__
 *(.heap*)
                0x2000070c                __HeapLimit = .

.co_stack       0x2000070c      0x404 load address 0x08008cfc
                0x20000710                . = ALIGN (0x8)
 *fill*         0x2000070c        0x4 
 *(.co_stack .co_stack.*)
 .co_stack      0x20000710      0x400 ..\obj\startup_stm32f10x_md.o
                0x20000710                pulStack
                0x20005000                __StackTop = (ORIGIN (ram) + 0x5000)
                0x20004bfc                __StackLimit = (__StackTop - SIZEOF (.co_stack))
                0x20005000                PROVIDE (__stack, __StackTop)
                0x00000001                ASSERT ((__StackLimit >= __HeapLimit), region ram  overflowed with stack)
LOAD ..\obj\stm32f10x_rtc.o
LOAD ..\obj\usb_core.o
LOAD ..\obj\string.o
LOAD ..\obj\stm32f10x_tim.o
LOAD ..\obj\sound.o
LOAD ..\obj\UI.o
LOAD ..\obj\NRF24L01.o
LOAD ..\obj\usb_int.o
LOAD ..\obj\system_stm32f10x.o
LOAD ..\obj\usb_desc.o
LOAD ..\obj\usb_regs.o
LOAD ..\obj\DefaultFonts.o
LOAD ..\obj\stm32f10x_pwr.o
LOAD ..\obj\startup_stm32f10x_md.o
LOAD ..\obj\hw_config.o
LOAD ..\obj\stm32f10x_gpio.o
LOAD ..\obj\usb_prop.o
LOAD ..\obj\usb_pwr.o
LOAD ..\obj\usb_init.o
LOAD ..\obj\main.o
LOAD ..\obj\hw_hal.o
LOAD ..\obj\math_.o
LOAD ..\obj\stm32f10x_crc.o
LOAD ..\obj\stm32f10x_rcc.o
LOAD ..\obj\stm32f10x_exti.o
LOAD ..\obj\stm32f10x_adc.o
LOAD ..\obj\LCD.o
LOAD ..\obj\stm32f10x_usart.o
LOAD ..\obj\buffer.o
LOAD ..\obj\usb_sil.o
LOAD ..\obj\stm32f10x_flash.o
LOAD ..\obj\stm32f10x_it.o
LOAD ..\obj\debug.o
LOAD ..\obj\usb_endp.o
LOAD ..\obj\stm32f10x_dma.o
LOAD ..\obj\misc.o
LOAD ..\obj\interface.o
LOAD ..\obj\stm32f10x_spi.o
LOAD ..\obj\stm32f10x_i2c.o
LOAD ..\obj\usb_mem.o
LOAD ..\obj\usb_istr.o
LOAD ..\obj\stm32f10x_bkp.o
LOAD ..\obj\stm32f10x_iwdg.o
START GROUP
LOAD c:/program files (x86)/arm gcc/bin/../lib/gcc/arm-none-eabi/4.8.4/armv7-m\libgcc.a
LOAD c:/program files (x86)/arm gcc/bin/../lib/gcc/arm-none-eabi/4.8.4/../../../../arm-none-eabi/lib/armv7-m\libg.a
LOAD c:/program files (x86)/arm gcc/bin/../lib/gcc/arm-none-eabi/4.8.4/../../../../arm-none-eabi/lib/armv7-m\libc.a
END GROUP
OUTPUT(LBTx.elf elf32-littlearm)

.debug_info     0x00000000    0x15c7e
 .debug_info    0x00000000      0xeb1 ..\obj\usb_core.o
 .debug_info    0x00000eb1      0xd53 ..\obj\string.o
 .debug_info    0x00001c04     0x2251 ..\obj\stm32f10x_tim.o
 .debug_info    0x00003e55      0x2c3 ..\obj\sound.o
 .debug_info    0x00004118     0x1cc0 ..\obj\UI.o
 .debug_info    0x00005dd8     0x1992 ..\obj\NRF24L01.o
 .debug_info    0x0000776a      0x23c ..\obj\usb_int.o
 .debug_info    0x000079a6      0x4a5 ..\obj\system_stm32f10x.o
 .debug_info    0x00007e4b      0x183 ..\obj\usb_desc.o
 .debug_info    0x00007fce      0xcfe ..\obj\usb_regs.o
 .debug_info    0x00008ccc       0xc6 ..\obj\DefaultFonts.o
 .debug_info    0x00008d92      0x4cd ..\obj\stm32f10x_pwr.o
 .debug_info    0x0000925f      0x116 ..\obj\startup_stm32f10x_md.o
 .debug_info    0x00009375      0xe72 ..\obj\hw_config.o
 .debug_info    0x0000a1e7      0x885 ..\obj\stm32f10x_gpio.o
 .debug_info    0x0000aa6c      0xbaa ..\obj\usb_prop.o
 .debug_info    0x0000b616      0x356 ..\obj\usb_pwr.o
 .debug_info    0x0000b96c      0x450 ..\obj\usb_init.o
 .debug_info    0x0000bdbc      0xc33 ..\obj\main.o
 .debug_info    0x0000c9ef     0x1b65 ..\obj\hw_hal.o
 .debug_info    0x0000e554      0x8c1 ..\obj\stm32f10x_rcc.o
 .debug_info    0x0000ee15      0x344 ..\obj\stm32f10x_exti.o
 .debug_info    0x0000f159      0xc26 ..\obj\stm32f10x_adc.o
 .debug_info    0x0000fd7f     0x1809 ..\obj\LCD.o
 .debug_info    0x00011588      0x486 ..\obj\buffer.o
 .debug_info    0x00011a0e      0x299 ..\obj\usb_sil.o
 .debug_info    0x00011ca7      0xa00 ..\obj\stm32f10x_flash.o
 .debug_info    0x000126a7      0x155 ..\obj\stm32f10x_it.o
 .debug_info    0x000127fc      0x1d9 ..\obj\usb_endp.o
 .debug_info    0x000129d5      0x543 ..\obj\misc.o
 .debug_info    0x00012f18      0xa7b ..\obj\interface.o
 .debug_info    0x00013993      0x9dd ..\obj\stm32f10x_spi.o
 .debug_info    0x00014370      0xb99 ..\obj\stm32f10x_i2c.o
 .debug_info    0x00014f09      0x1e0 ..\obj\usb_mem.o
 .debug_info    0x000150e9      0x3c1 ..\obj\usb_istr.o
 .debug_info    0x000154aa      0x7d4 ..\obj\stm32f10x_bkp.o

.debug_abbrev   0x00000000     0x42cb
 .debug_abbrev  0x00000000      0x3b6 ..\obj\usb_core.o
 .debug_abbrev  0x000003b6      0x291 ..\obj\string.o
 .debug_abbrev  0x00000647      0x295 ..\obj\stm32f10x_tim.o
 .debug_abbrev  0x000008dc      0x186 ..\obj\sound.o
 .debug_abbrev  0x00000a62      0x2ef ..\obj\UI.o
 .debug_abbrev  0x00000d51      0x39e ..\obj\NRF24L01.o
 .debug_abbrev  0x000010ef       0xf2 ..\obj\usb_int.o
 .debug_abbrev  0x000011e1      0x16e ..\obj\system_stm32f10x.o
 .debug_abbrev  0x0000134f       0x73 ..\obj\usb_desc.o
 .debug_abbrev  0x000013c2      0x1ed ..\obj\usb_regs.o
 .debug_abbrev  0x000015af       0x54 ..\obj\DefaultFonts.o
 .debug_abbrev  0x00001603      0x1b2 ..\obj\stm32f10x_pwr.o
 .debug_abbrev  0x000017b5       0xe1 ..\obj\startup_stm32f10x_md.o
 .debug_abbrev  0x00001896      0x3f7 ..\obj\hw_config.o
 .debug_abbrev  0x00001c8d      0x1f0 ..\obj\stm32f10x_gpio.o
 .debug_abbrev  0x00001e7d      0x281 ..\obj\usb_prop.o
 .debug_abbrev  0x000020fe      0x17a ..\obj\usb_pwr.o
 .debug_abbrev  0x00002278      0x11e ..\obj\usb_init.o
 .debug_abbrev  0x00002396      0x2f0 ..\obj\main.o
 .debug_abbrev  0x00002686      0x322 ..\obj\hw_hal.o
 .debug_abbrev  0x000029a8      0x1e0 ..\obj\stm32f10x_rcc.o
 .debug_abbrev  0x00002b88      0x160 ..\obj\stm32f10x_exti.o
 .debug_abbrev  0x00002ce8      0x1d8 ..\obj\stm32f10x_adc.o
 .debug_abbrev  0x00002ec0      0x320 ..\obj\LCD.o
 .debug_abbrev  0x000031e0      0x10f ..\obj\buffer.o
 .debug_abbrev  0x000032ef      0x132 ..\obj\usb_sil.o
 .debug_abbrev  0x00003421      0x1ad ..\obj\stm32f10x_flash.o
 .debug_abbrev  0x000035ce       0x9b ..\obj\stm32f10x_it.o
 .debug_abbrev  0x00003669      0x11e ..\obj\usb_endp.o
 .debug_abbrev  0x00003787      0x154 ..\obj\misc.o
 .debug_abbrev  0x000038db      0x29a ..\obj\interface.o
 .debug_abbrev  0x00003b75      0x1dc ..\obj\stm32f10x_spi.o
 .debug_abbrev  0x00003d51      0x1cf ..\obj\stm32f10x_i2c.o
 .debug_abbrev  0x00003f20       0x9d ..\obj\usb_mem.o
 .debug_abbrev  0x00003fbd      0x178 ..\obj\usb_istr.o
 .debug_abbrev  0x00004135      0x196 ..\obj\stm32f10x_bkp.o

.debug_loc      0x00000000     0xa6c4
 .debug_loc     0x00000000      0xa31 ..\obj\usb_core.o
 .debug_loc     0x00000a31     0x1909 ..\obj\string.o
 .debug_loc     0x0000233a     0x1c94 ..\obj\stm32f10x_tim.o
 .debug_loc     0x00003fce       0x62 ..\obj\sound.o
 .debug_loc     0x00004030      0x12d ..\obj\UI.o
 .debug_loc     0x0000415d      0x7ee ..\obj\NRF24L01.o
 .debug_loc     0x0000494b       0xa3 ..\obj\usb_int.o
 .debug_loc     0x000049ee       0xe8 ..\obj\system_stm32f10x.o
 .debug_loc     0x00004ad6      0xb96 ..\obj\usb_regs.o
 .debug_loc     0x0000566c      0x111 ..\obj\stm32f10x_pwr.o
 .debug_loc     0x0000577d       0x22 ..\obj\startup_stm32f10x_md.o
 .debug_loc     0x0000579f      0x1bb ..\obj\hw_config.o
 .debug_loc     0x0000595a      0x4d9 ..\obj\stm32f10x_gpio.o
 .debug_loc     0x00005e33      0x1e5 ..\obj\usb_prop.o
 .debug_loc     0x00006018       0xaa ..\obj\usb_pwr.o
 .debug_loc     0x000060c2      0x1b5 ..\obj\main.o
 .debug_loc     0x00006277       0xd0 ..\obj\hw_hal.o
 .debug_loc     0x00006347      0x6d9 ..\obj\stm32f10x_rcc.o
 .debug_loc     0x00006a20      0x1d4 ..\obj\stm32f10x_exti.o
 .debug_loc     0x00006bf4      0xaea ..\obj\stm32f10x_adc.o
 .debug_loc     0x000076de      0xdf1 ..\obj\LCD.o
 .debug_loc     0x000084cf      0x2e7 ..\obj\buffer.o
 .debug_loc     0x000087b6       0xe0 ..\obj\usb_sil.o
 .debug_loc     0x00008896      0x97e ..\obj\stm32f10x_flash.o
 .debug_loc     0x00009214       0x2a ..\obj\usb_endp.o
 .debug_loc     0x0000923e      0x1da ..\obj\misc.o
 .debug_loc     0x00009418      0x253 ..\obj\interface.o
 .debug_loc     0x0000966b      0x5a0 ..\obj\stm32f10x_spi.o
 .debug_loc     0x00009c0b      0x72c ..\obj\stm32f10x_i2c.o
 .debug_loc     0x0000a337      0x25d ..\obj\usb_mem.o
 .debug_loc     0x0000a594       0x42 ..\obj\usb_istr.o
 .debug_loc     0x0000a5d6       0xee ..\obj\stm32f10x_bkp.o

.debug_aranges  0x00000000     0x14b0
 .debug_aranges
                0x00000000       0x98 ..\obj\usb_core.o
 .debug_aranges
                0x00000098       0xe8 ..\obj\string.o
 .debug_aranges
                0x00000180      0x2e0 ..\obj\stm32f10x_tim.o
 .debug_aranges
                0x00000460       0x38 ..\obj\sound.o
 .debug_aranges
                0x00000498       0x58 ..\obj\UI.o
 .debug_aranges
                0x000004f0       0xd0 ..\obj\NRF24L01.o
 .debug_aranges
                0x000005c0       0x28 ..\obj\usb_int.o
 .debug_aranges
                0x000005e8       0x28 ..\obj\system_stm32f10x.o
 .debug_aranges
                0x00000610       0x18 ..\obj\usb_desc.o
 .debug_aranges
                0x00000628      0x1f0 ..\obj\usb_regs.o
 .debug_aranges
                0x00000818       0x18 ..\obj\DefaultFonts.o
 .debug_aranges
                0x00000830       0x60 ..\obj\stm32f10x_pwr.o
 .debug_aranges
                0x00000890       0x28 ..\obj\startup_stm32f10x_md.o
 .debug_aranges
                0x000008b8       0x78 ..\obj\hw_config.o
 .debug_aranges
                0x00000930       0xa8 ..\obj\stm32f10x_gpio.o
 .debug_aranges
                0x000009d8       0x88 ..\obj\usb_prop.o
 .debug_aranges
                0x00000a60       0x40 ..\obj\usb_pwr.o
 .debug_aranges
                0x00000aa0       0x20 ..\obj\usb_init.o
 .debug_aranges
                0x00000ac0       0x50 ..\obj\main.o
 .debug_aranges
                0x00000b10       0x88 ..\obj\hw_hal.o
 .debug_aranges
                0x00000b98      0x118 ..\obj\stm32f10x_rcc.o
 .debug_aranges
                0x00000cb0       0x58 ..\obj\stm32f10x_exti.o
 .debug_aranges
                0x00000d08      0x138 ..\obj\stm32f10x_adc.o
 .debug_aranges
                0x00000e40      0x110 ..\obj\LCD.o
 .debug_aranges
                0x00000f50       0x78 ..\obj\buffer.o
 .debug_aranges
                0x00000fc8       0x30 ..\obj\usb_sil.o
 .debug_aranges
                0x00000ff8       0xf8 ..\obj\stm32f10x_flash.o
 .debug_aranges
                0x000010f0       0x68 ..\obj\stm32f10x_it.o
 .debug_aranges
                0x00001158       0x28 ..\obj\usb_endp.o
 .debug_aranges
                0x00001180       0x40 ..\obj\misc.o
 .debug_aranges
                0x000011c0       0x40 ..\obj\interface.o
 .debug_aranges
                0x00001200       0xd0 ..\obj\stm32f10x_spi.o
 .debug_aranges
                0x000012d0      0x120 ..\obj\stm32f10x_i2c.o
 .debug_aranges
                0x000013f0       0x28 ..\obj\usb_mem.o
 .debug_aranges
                0x00001418       0x20 ..\obj\usb_istr.o
 .debug_aranges
                0x00001438       0x78 ..\obj\stm32f10x_bkp.o

.debug_ranges   0x00000000     0x1538
 .debug_ranges  0x00000000       0xd0 ..\obj\usb_core.o
 .debug_ranges  0x000000d0      0x218 ..\obj\string.o
 .debug_ranges  0x000002e8      0x2d0 ..\obj\stm32f10x_tim.o
 .debug_ranges  0x000005b8       0x28 ..\obj\sound.o
 .debug_ranges  0x000005e0       0x48 ..\obj\UI.o
 .debug_ranges  0x00000628       0xf0 ..\obj\NRF24L01.o
 .debug_ranges  0x00000718       0x18 ..\obj\usb_int.o
 .debug_ranges  0x00000730       0x18 ..\obj\system_stm32f10x.o
 .debug_ranges  0x00000748      0x250 ..\obj\usb_regs.o
 .debug_ranges  0x00000998       0x50 ..\obj\stm32f10x_pwr.o
 .debug_ranges  0x000009e8       0x18 ..\obj\startup_stm32f10x_md.o
 .debug_ranges  0x00000a00       0x68 ..\obj\hw_config.o
 .debug_ranges  0x00000a68       0x98 ..\obj\stm32f10x_gpio.o
 .debug_ranges  0x00000b00       0x78 ..\obj\usb_prop.o
 .debug_ranges  0x00000b78       0x30 ..\obj\usb_pwr.o
 .debug_ranges  0x00000ba8       0x10 ..\obj\usb_init.o
 .debug_ranges  0x00000bb8       0x40 ..\obj\main.o
 .debug_ranges  0x00000bf8       0x78 ..\obj\hw_hal.o
 .debug_ranges  0x00000c70      0x108 ..\obj\stm32f10x_rcc.o
 .debug_ranges  0x00000d78       0x48 ..\obj\stm32f10x_exti.o
 .debug_ranges  0x00000dc0      0x128 ..\obj\stm32f10x_adc.o
 .debug_ranges  0x00000ee8      0x1b0 ..\obj\LCD.o
 .debug_ranges  0x00001098       0x68 ..\obj\buffer.o
 .debug_ranges  0x00001100       0x20 ..\obj\usb_sil.o
 .debug_ranges  0x00001120       0xe8 ..\obj\stm32f10x_flash.o
 .debug_ranges  0x00001208       0x58 ..\obj\stm32f10x_it.o
 .debug_ranges  0x00001260       0x18 ..\obj\usb_endp.o
 .debug_ranges  0x00001278       0x30 ..\obj\misc.o
 .debug_ranges  0x000012a8       0x30 ..\obj\interface.o
 .debug_ranges  0x000012d8       0xc0 ..\obj\stm32f10x_spi.o
 .debug_ranges  0x00001398      0x110 ..\obj\stm32f10x_i2c.o
 .debug_ranges  0x000014a8       0x18 ..\obj\usb_mem.o
 .debug_ranges  0x000014c0       0x10 ..\obj\usb_istr.o
 .debug_ranges  0x000014d0       0x68 ..\obj\stm32f10x_bkp.o

.debug_line     0x00000000     0x7093
 .debug_line    0x00000000      0x4a4 ..\obj\usb_core.o
 .debug_line    0x000004a4      0x52e ..\obj\string.o
 .debug_line    0x000009d2      0x9af ..\obj\stm32f10x_tim.o
 .debug_line    0x00001381      0x18e ..\obj\sound.o
 .debug_line    0x0000150f      0x3df ..\obj\UI.o
 .debug_line    0x000018ee      0x458 ..\obj\NRF24L01.o
 .debug_line    0x00001d46      0x28a ..\obj\usb_int.o
 .debug_line    0x00001fd0      0x192 ..\obj\system_stm32f10x.o
 .debug_line    0x00002162      0x12c ..\obj\usb_desc.o
 .debug_line    0x0000228e      0x61d ..\obj\usb_regs.o
 .debug_line    0x000028ab       0x4f ..\obj\DefaultFonts.o
 .debug_line    0x000028fa      0x268 ..\obj\stm32f10x_pwr.o
 .debug_line    0x00002b62       0x93 ..\obj\startup_stm32f10x_md.o
 .debug_line    0x00002bf5      0x3a9 ..\obj\hw_config.o
 .debug_line    0x00002f9e      0x35d ..\obj\stm32f10x_gpio.o
 .debug_line    0x000032fb      0x321 ..\obj\usb_prop.o
 .debug_line    0x0000361c      0x26d ..\obj\usb_pwr.o
 .debug_line    0x00003889      0x191 ..\obj\usb_init.o
 .debug_line    0x00003a1a      0x344 ..\obj\main.o
 .debug_line    0x00003d5e      0x476 ..\obj\hw_hal.o
 .debug_line    0x000041d4      0x435 ..\obj\stm32f10x_rcc.o
 .debug_line    0x00004609      0x24e ..\obj\stm32f10x_exti.o
 .debug_line    0x00004857      0x4bd ..\obj\stm32f10x_adc.o
 .debug_line    0x00004d14      0x53f ..\obj\LCD.o
 .debug_line    0x00005253      0x1c2 ..\obj\buffer.o
 .debug_line    0x00005415      0x1d6 ..\obj\usb_sil.o
 .debug_line    0x000055eb      0x480 ..\obj\stm32f10x_flash.o
 .debug_line    0x00005a6b      0x1de ..\obj\stm32f10x_it.o
 .debug_line    0x00005c49      0x1ad ..\obj\usb_endp.o
 .debug_line    0x00005df6      0x1f1 ..\obj\misc.o
 .debug_line    0x00005fe7      0x29e ..\obj\interface.o
 .debug_line    0x00006285      0x3b1 ..\obj\stm32f10x_spi.o
 .debug_line    0x00006636      0x465 ..\obj\stm32f10x_i2c.o
 .debug_line    0x00006a9b      0x179 ..\obj\usb_mem.o
 .debug_line    0x00006c14      0x207 ..\obj\usb_istr.o
 .debug_line    0x00006e1b      0x278 ..\obj\stm32f10x_bkp.o

.debug_str      0x00000000     0x59ef
 .debug_str     0x00000000      0x96e ..\obj\usb_core.o
                                0xb05 (size before relaxing)
 .debug_str     0x0000096e      0x225 ..\obj\string.o
                                0x3ae (size before relaxing)
 .debug_str     0x00000b93      0xc26 ..\obj\stm32f10x_tim.o
                                0xe19 (size before relaxing)
 .debug_str     0x000017b9       0xcd ..\obj\sound.o
                                0x236 (size before relaxing)
 .debug_str     0x00001886      0xa20 ..\obj\UI.o
                                0xce8 (size before relaxing)
 .debug_str     0x000022a6      0x64b ..\obj\NRF24L01.o
                                0xe28 (size before relaxing)
 .debug_str     0x000028f1       0x81 ..\obj\usb_int.o
                                0x235 (size before relaxing)
 .debug_str     0x00002972      0x168 ..\obj\system_stm32f10x.o
                                0x2fd (size before relaxing)
 .debug_str     0x00002ada      0x103 ..\obj\usb_desc.o
                                0x248 (size before relaxing)
 .debug_str     0x00002bdd      0x3aa ..\obj\usb_regs.o
                                0x596 (size before relaxing)
 .debug_str     0x00002f87       0x5c ..\obj\DefaultFonts.o
                                0x10a (size before relaxing)
 .debug_str     0x00002fe3       0xfc ..\obj\stm32f10x_pwr.o
                                0x347 (size before relaxing)
 .debug_str     0x000030df       0xb0 ..\obj\startup_stm32f10x_md.o
                                0x15d (size before relaxing)
 .debug_str     0x0000318f      0x39e ..\obj\hw_config.o
                                0xae0 (size before relaxing)
 .debug_str     0x0000352d      0x205 ..\obj\stm32f10x_gpio.o
                                0x53e (size before relaxing)
 .debug_str     0x00003732      0x299 ..\obj\usb_prop.o
                                0xa3a (size before relaxing)
 .debug_str     0x000039cb      0x11a ..\obj\usb_pwr.o
                                0x3b2 (size before relaxing)
 .debug_str     0x00003ae5       0x54 ..\obj\usb_init.o
                                0x54e (size before relaxing)
 .debug_str     0x00003b39      0x163 ..\obj\main.o
                                0x541 (size before relaxing)
 .debug_str     0x00003c9c      0x295 ..\obj\hw_hal.o
                               0x1003 (size before relaxing)
 .debug_str     0x00003f31      0x29d ..\obj\stm32f10x_rcc.o
                                0x628 (size before relaxing)
 .debug_str     0x000041ce       0xce ..\obj\stm32f10x_exti.o
                                0x357 (size before relaxing)
 .debug_str     0x0000429c      0x37b ..\obj\stm32f10x_adc.o
                                0x720 (size before relaxing)
 .debug_str     0x00004617      0x2a2 ..\obj\LCD.o
                                0x76d (size before relaxing)
 .debug_str     0x000048b9      0x11a ..\obj\buffer.o
                                0x29c (size before relaxing)
 .debug_str     0x000049d3       0x92 ..\obj\usb_sil.o
                                0x276 (size before relaxing)
 .debug_str     0x00004a65      0x3d9 ..\obj\stm32f10x_flash.o
                                0x5f6 (size before relaxing)
 .debug_str     0x00004e3e      0x103 ..\obj\stm32f10x_it.o
                                0x236 (size before relaxing)
 .debug_str     0x00004f41       0x67 ..\obj\usb_endp.o
                                0x220 (size before relaxing)
 .debug_str     0x00004fa8       0xbf ..\obj\misc.o
                                0x3cc (size before relaxing)
 .debug_str     0x00005067       0x81 ..\obj\interface.o
                                0x733 (size before relaxing)
 .debug_str     0x000050e8      0x292 ..\obj\stm32f10x_spi.o
                                0x64b (size before relaxing)
 .debug_str     0x0000537a      0x2a7 ..\obj\stm32f10x_i2c.o
                                0x69d (size before relaxing)
 .debug_str     0x00005621       0x79 ..\obj\usb_mem.o
                                0x20e (size before relaxing)
 .debug_str     0x0000569a       0x5f ..\obj\usb_istr.o
                                0x3ee (size before relaxing)
 .debug_str     0x000056f9      0x2f6 ..\obj\stm32f10x_bkp.o
                                0x5d6 (size before relaxing)

.comment        0x00000000       0x70
 .comment       0x00000000       0x70 ..\obj\usb_core.o
                                 0x71 (size before relaxing)
 .comment       0x00000000       0x71 ..\obj\string.o
 .comment       0x00000000       0x71 ..\obj\stm32f10x_tim.o
 .comment       0x00000000       0x71 ..\obj\sound.o
 .comment       0x00000000       0x71 ..\obj\UI.o
 .comment       0x00000000       0x71 ..\obj\NRF24L01.o
 .comment       0x00000000       0x71 ..\obj\usb_int.o
 .comment       0x00000000       0x71 ..\obj\system_stm32f10x.o
 .comment       0x00000000       0x71 ..\obj\usb_desc.o
 .comment       0x00000000       0x71 ..\obj\usb_regs.o
 .comment       0x00000000       0x71 ..\obj\DefaultFonts.o
 .comment       0x00000000       0x71 ..\obj\stm32f10x_pwr.o
 .comment       0x00000000       0x71 ..\obj\startup_stm32f10x_md.o
 .comment       0x00000000       0x71 ..\obj\hw_config.o
 .comment       0x00000000       0x71 ..\obj\stm32f10x_gpio.o
 .comment       0x00000000       0x71 ..\obj\usb_prop.o
 .comment       0x00000000       0x71 ..\obj\usb_pwr.o
 .comment       0x00000000       0x71 ..\obj\usb_init.o
 .comment       0x00000000       0x71 ..\obj\main.o
 .comment       0x00000000       0x71 ..\obj\hw_hal.o
 .comment       0x00000000       0x71 ..\obj\stm32f10x_rcc.o
 .comment       0x00000000       0x71 ..\obj\stm32f10x_exti.o
 .comment       0x00000000       0x71 ..\obj\stm32f10x_adc.o
 .comment       0x00000000       0x71 ..\obj\LCD.o
 .comment       0x00000000       0x71 ..\obj\buffer.o
 .comment       0x00000000       0x71 ..\obj\usb_sil.o
 .comment       0x00000000       0x71 ..\obj\stm32f10x_flash.o
 .comment       0x00000000       0x71 ..\obj\stm32f10x_it.o
 .comment       0x00000000       0x71 ..\obj\usb_endp.o
 .comment       0x00000000       0x71 ..\obj\misc.o
 .comment       0x00000000       0x71 ..\obj\interface.o
 .comment       0x00000000       0x71 ..\obj\stm32f10x_spi.o
 .comment       0x00000000       0x71 ..\obj\stm32f10x_i2c.o
 .comment       0x00000000       0x71 ..\obj\usb_mem.o
 .comment       0x00000000       0x71 ..\obj\usb_istr.o
 .comment       0x00000000       0x71 ..\obj\stm32f10x_bkp.o

.ARM.attributes
                0x00000000       0x33
 .ARM.attributes
                0x00000000       0x33 ..\obj\usb_core.o
 .ARM.attributes
                0x00000033       0x33 ..\obj\string.o
 .ARM.attributes
                0x00000066       0x33 ..\obj\stm32f10x_tim.o
 .ARM.attributes
                0x00000099       0x33 ..\obj\sound.o
 .ARM.attributes
                0x000000cc       0x33 ..\obj\UI.o
 .ARM.attributes
                0x000000ff       0x33 ..\obj\NRF24L01.o
 .ARM.attributes
                0x00000132       0x33 ..\obj\usb_int.o
 .ARM.attributes
                0x00000165       0x33 ..\obj\system_stm32f10x.o
 .ARM.attributes
                0x00000198       0x33 ..\obj\usb_desc.o
 .ARM.attributes
                0x000001cb       0x33 ..\obj\usb_regs.o
 .ARM.attributes
                0x000001fe       0x33 ..\obj\DefaultFonts.o
 .ARM.attributes
                0x00000231       0x33 ..\obj\stm32f10x_pwr.o
 .ARM.attributes
                0x00000264       0x33 ..\obj\startup_stm32f10x_md.o
 .ARM.attributes
                0x00000297       0x33 ..\obj\hw_config.o
 .ARM.attributes
                0x000002ca       0x33 ..\obj\stm32f10x_gpio.o
 .ARM.attributes
                0x000002fd       0x33 ..\obj\usb_prop.o
 .ARM.attributes
                0x00000330       0x33 ..\obj\usb_pwr.o
 .ARM.attributes
                0x00000363       0x33 ..\obj\usb_init.o
 .ARM.attributes
                0x00000396       0x33 ..\obj\main.o
 .ARM.attributes
                0x000003c9       0x33 ..\obj\hw_hal.o
 .ARM.attributes
                0x000003fc       0x33 ..\obj\stm32f10x_rcc.o
 .ARM.attributes
                0x0000042f       0x33 ..\obj\stm32f10x_exti.o
 .ARM.attributes
                0x00000462       0x33 ..\obj\stm32f10x_adc.o
 .ARM.attributes
                0x00000495       0x33 ..\obj\LCD.o
 .ARM.attributes
                0x000004c8       0x33 ..\obj\buffer.o
 .ARM.attributes
                0x000004fb       0x33 ..\obj\usb_sil.o
 .ARM.attributes
                0x0000052e       0x33 ..\obj\stm32f10x_flash.o
 .ARM.attributes
                0x00000561       0x33 ..\obj\stm32f10x_it.o
 .ARM.attributes
                0x00000594       0x33 ..\obj\usb_endp.o
 .ARM.attributes
                0x000005c7       0x33 ..\obj\misc.o
 .ARM.attributes
                0x000005fa       0x33 ..\obj\interface.o
 .ARM.attributes
                0x0000062d       0x33 ..\obj\stm32f10x_spi.o
 .ARM.attributes
                0x00000660       0x33 ..\obj\stm32f10x_i2c.o
 .ARM.attributes
                0x00000693       0x33 ..\obj\usb_mem.o
 .ARM.attributes
                0x000006c6       0x33 ..\obj\usb_istr.o
 .ARM.attributes
                0x000006f9       0x33 ..\obj\stm32f10x_bkp.o
 .ARM.attributes
                0x0000072c       0x1d c:/program files (x86)/arm gcc/bin/../lib/gcc/arm-none-eabi/4.8.4/armv7-m\libgcc.a(_arm_addsubdf3.o)
 .ARM.attributes
                0x00000749       0x1d c:/program files (x86)/arm gcc/bin/../lib/gcc/arm-none-eabi/4.8.4/armv7-m\libgcc.a(_arm_muldivdf3.o)
 .ARM.attributes
                0x00000766       0x1d c:/program files (x86)/arm gcc/bin/../lib/gcc/arm-none-eabi/4.8.4/armv7-m\libgcc.a(_arm_cmpdf2.o)
 .ARM.attributes
                0x00000783       0x1d c:/program files (x86)/arm gcc/bin/../lib/gcc/arm-none-eabi/4.8.4/armv7-m\libgcc.a(_arm_fixdfsi.o)
 .ARM.attributes
                0x000007a0       0x1d c:/program files (x86)/arm gcc/bin/../lib/gcc/arm-none-eabi/4.8.4/armv7-m\libgcc.a(_arm_truncdfsf2.o)
 .ARM.attributes
                0x000007bd       0x1d c:/program files (x86)/arm gcc/bin/../lib/gcc/arm-none-eabi/4.8.4/armv7-m\libgcc.a(_arm_addsubsf3.o)
 .ARM.attributes
                0x000007da       0x1d c:/program files (x86)/arm gcc/bin/../lib/gcc/arm-none-eabi/4.8.4/armv7-m\libgcc.a(_arm_muldivsf3.o)
 .ARM.attributes
                0x000007f7       0x1d c:/program files (x86)/arm gcc/bin/../lib/gcc/arm-none-eabi/4.8.4/armv7-m\libgcc.a(_arm_cmpsf2.o)
 .ARM.attributes
                0x00000814       0x1d c:/program files (x86)/arm gcc/bin/../lib/gcc/arm-none-eabi/4.8.4/armv7-m\libgcc.a(_arm_fixsfsi.o)

.debug_frame    0x00000000     0x2e4c
 .debug_frame   0x00000000      0x198 ..\obj\usb_core.o
 .debug_frame   0x00000198      0x328 ..\obj\string.o
 .debug_frame   0x000004c0      0x640 ..\obj\stm32f10x_tim.o
 .debug_frame   0x00000b00       0x6c ..\obj\sound.o
 .debug_frame   0x00000b6c       0xec ..\obj\UI.o
 .debug_frame   0x00000c58      0x29c ..\obj\NRF24L01.o
 .debug_frame   0x00000ef4       0x4c ..\obj\usb_int.o
 .debug_frame   0x00000f40       0x34 ..\obj\system_stm32f10x.o
 .debug_frame   0x00000f74      0x3d0 ..\obj\usb_regs.o
 .debug_frame   0x00001344       0xa8 ..\obj\stm32f10x_pwr.o
 .debug_frame   0x000013ec       0x38 ..\obj\startup_stm32f10x_md.o
 .debug_frame   0x00001424      0x120 ..\obj\hw_config.o
 .debug_frame   0x00001544      0x160 ..\obj\stm32f10x_gpio.o
 .debug_frame   0x000016a4      0x120 ..\obj\usb_prop.o
 .debug_frame   0x000017c4       0x8c ..\obj\usb_pwr.o
 .debug_frame   0x00001850       0x28 ..\obj\usb_init.o
 .debug_frame   0x00001878       0xbc ..\obj\main.o
 .debug_frame   0x00001934      0x178 ..\obj\hw_hal.o
 .debug_frame   0x00001aac      0x224 ..\obj\stm32f10x_rcc.o
 .debug_frame   0x00001cd0       0x98 ..\obj\stm32f10x_exti.o
 .debug_frame   0x00001d68      0x280 ..\obj\stm32f10x_adc.o
 .debug_frame   0x00001fe8      0x360 ..\obj\LCD.o
 .debug_frame   0x00002348      0x138 ..\obj\buffer.o
 .debug_frame   0x00002480       0x58 ..\obj\usb_sil.o
 .debug_frame   0x000024d8      0x24c ..\obj\stm32f10x_flash.o
 .debug_frame   0x00002724       0xb8 ..\obj\stm32f10x_it.o
 .debug_frame   0x000027dc       0x38 ..\obj\usb_endp.o
 .debug_frame   0x00002814       0x68 ..\obj\misc.o
 .debug_frame   0x0000287c       0xa4 ..\obj\interface.o
 .debug_frame   0x00002920      0x1a8 ..\obj\stm32f10x_spi.o
 .debug_frame   0x00002ac8      0x240 ..\obj\stm32f10x_i2c.o
 .debug_frame   0x00002d08       0x38 ..\obj\usb_mem.o
 .debug_frame   0x00002d40       0x2c ..\obj\usb_istr.o
 .debug_frame   0x00002d6c       0xe0 ..\obj\stm32f10x_bkp.o
